[/index.html]
[backblue.gif]
[fade.gif]
[index.html]
[cdn2.editmysite.com/images/site/footer/og-image-placeholder-blank.png]
[cdn2.editmysite.com/css/sitese6c9.css]
[cdn2.editmysite.com/css/old/fancyboxdfec.css]
[/files/main_style703c.css]
[/uploads/1/5/2/2/1522812/published/dsc09131_1b5bb.png]
[cdn2.editmysite.com/fonts/Open_Sans/fontc81e.css]
[cdn2.editmysite.com/css/site_membershipe6c9.css]
[/files/templateArtifacts703c.js]
[cdn2.editmysite.com/js/jquery-1.8.3.min.js]
[www.google.com/recaptcha/api.js]
[cdn2.editmysite.com/js/site/main-membership-sitee6c9.js]
[cdn2.editmysite.com/js/lang/en/stla047.js]
[/news-for-residents.html]
[/map.html]
[/mission.html]
[/hoa-contact-information.html]
[/monthly-meeting-schedule.html]
[/community-club-house.html]
[cdn2.editmysite.com/js/site/maine6c9.js]
[/board-of-directors.html]
[/insurance-info.html]
[/agent-contact-info.html]
[/contact-property-manager.html]
[/community-forms.html]
[/community-pictures.html]
[/covenants--restrictions.html]
[/rules--regulations.html]
[/index.html]
[cdn2.editmysite.com/images/util/videojs/white-bar.png]
[/privacy-policy.html]
[cdn2.editmysite.com/images/util/videojs/@2x/white-bar.png]
[cdn2.editmysite.com/images/util/videojs/gradient.png]
[cdn2.editmysite.com/images/util/videojs/@2x/gradient.png]
[cdn2.editmysite.com/sprites/util/videojs-sacae758aa2.png]
[cdn2.editmysite.com/sprites/util/videojs/@2x-s2aff7e7d9a.png]
[cdn2.editmysite.com/js/wsnbn/snowday262.js]
[cdn2.editmysite.com/images/util/videojs/volume-filled.png]
[cdn2.editmysite.com/images/util/videojs/@2x/volume-filled.png]
[cdn2.editmysite.com/images/util/videojs/volume-mute.png]
[cdn2.editmysite.com/images/util/videojs/@2x/volume-mute.png]
[cdn2.editmysite.com/images/util/videojs/blue-bar.png]
[cdn2.editmysite.com/images/util/videojs/@2x/blue-bar.png]
[cdn2.editmysite.com/images/util/videojs/maximize-icon.png]
[cdn2.editmysite.com/images/util/videojs/@2x/maximize-icon.png]
[cdn2.editmysite.com/images/util/videojs/minimize-icon.png]
[cdn2.editmysite.com/images/util/videojs/@2x/minimize-icon.png]
[cdn2.editmysite.com/images/util/videojs/play-icon.png]
[cdn2.editmysite.com/images/util/videojs/@2x/play-icon.png]
[cdn2.editmysite.com/images/util/videojs/sad-face.png]
[cdn2.editmysite.com/images/util/videojs/@2x/sad-face.png]
[cdn2.editmysite.com/images/util/videojs/loading-icon.png]
[cdn2.editmysite.com/images/util/videojs/@2x/loading-icon.png]
[cdn2.editmysite.com/images/common/buttons/small_grey.png]
[cdn2.editmysite.com/images/common/buttons/small_blue.png]
[cdn2.editmysite.com/images/old/button/large_grey.png]
[cdn2.editmysite.com/images/common/buttons/large_blue.png]
[cdn2.editmysite.com/images/common/search-light.png]
[cdn2.editmysite.com/images/common/social_icons.png]
[cdn2.editmysite.com/images/common/blog/blog-comment-button.png]
[cdn2.editmysite.com/images/common/blog/blog-comment-header.png]
[cdn2.editmysite.com/images/common/blog/blog-comment-pointer.png]
[cdn2.editmysite.com/images/common/blog/blog-comment-link.png]
[cdn2.editmysite.com/images/common/blog/blog-comment-header-author.png]
[cdn2.editmysite.com/images/common/blog/blog-comment-pointer-author.png]
[cdn2.editmysite.com/images/common/blog/blog-comment-field-bg.png]
[cdn2.editmysite.com/images/common/blog/dark-blog-comment-header.png]
[cdn2.editmysite.com/images/common/blog/dark-blog-comment-pointer.png]
[cdn2.editmysite.com/images/common/blog/dark-blog-comment-header-author.png]
[cdn2.editmysite.com/images/common/blog/dark-blog-comment-pointer-author.png]
[cdn2.editmysite.com/images/common/blog/dark-blog-comment-link.png]
[cdn2.editmysite.com/images/util/general/blank.gif]
[cdn2.editmysite.com/images/common/lightbox/prevlabel.gif]
[cdn2.editmysite.com/images/common/lightbox/nextlabel.gif]
[cdn2.editmysite.com/js/site/main-customer-accounts-sitee6c9.js]
[cdn2.editmysite.com/sprites/util/inputs/checkmarkBox-s7868418152.png]
[cdn2.editmysite.com/sprites/util/inputs/checkmarkBox/@2x-s211a47d318.png]
[cdn2.editmysite.com/images/util/inputs/search-input-bg.jpg]
[cdn2.editmysite.com/images/common/magnifying-glass.png]
[cdn2.editmysite.com/images/common/checkmarks/checkmark-mini.png]
[cdn2.editmysite.com/images/common/checkmarks/@2x/checkmark-mini.png]
[cdn2.editmysite.com/images/common/search-pagination-bg.png]
[cdn2.editmysite.com/images/util/general/top-triangle-000.png]
[cdn2.editmysite.com/images/util/general/bottom-triangle-000.png]
[cdn2.editmysite.com/images/util/general/top-triangle-000@2x.png]
[cdn2.editmysite.com/images/util/general/bottom-triangle-000@2x.png]
[cdn2.editmysite.com/sprites/common/social-icons-s5ea5500bdb.png]
[cdn2.editmysite.com/sprites/common/social-icons/@2x-s0ae7d70c70.png]
[cdn2.editmysite.com/sprites/site/mini-cart-s86c48effae.png]
[cdn2.editmysite.com/sprites/site/mini-cart/@2x-s576cbc3f90.png]
[cdn2.editmysite.com/images/loading.gif]
[cdn2.editmysite.com/sprites/site/mobile/commerce-sdf6d4e852c.png]
[cdn2.editmysite.com/sprites/site/mobile/commerce/@2x-s82f968c453.png]
[cdn2.editmysite.com/images/site/checkout/paypal.png]
[cdn2.editmysite.com/images/site/checkout/@2x/paypal.png]
[cdn2.editmysite.com/images/site/checkout/credit-cards.png]
[cdn2.editmysite.com/images/site/checkout/@2x/credit-cards.png]
[cdn2.editmysite.com/images/site/checkout/print.png]
[cdn2.editmysite.com/images/site/checkout/print@2x.png]
[cdn2.editmysite.com/images/vendor/select2/select2.png]
[cdn2.editmysite.com/images/vendor/select2/select2-spinner.gif]
[cdn2.editmysite.com/images/vendor/select2/select2x2.png]
[cdn2.editmysite.com/images/util/spinner/spinner-dark.png]
[cdn2.editmysite.com/images/util/spinner/spinner-light.png]
[cdn2.editmysite.com/images/util/loading-white-w24.gif]
[cdn2.editmysite.com/images/common/form_input_bg.gif]
[cdn2.editmysite.com/sprites/site/forms-s3786257308.png]
[cdn2.editmysite.com/sprites/site/forms/@2x-s47607b315a.png]
[cdn2.editmysite.com/images/blank.gif]
[cdn2.editmysite.com/images/old/photoswipe/loader.gif]
[cdn2.editmysite.com/images/old/photoswipe/error.gif]
[cdn2.editmysite.com/images/old/photoswipe/icons.png]
[cdn2.editmysite.com/images/old/photoswipe/icons@2x.png]
[cdn2.editmysite.com/css/sitese6c9.css]
[cdn2.editmysite.com/images/old/fancybox/fancybox_sprite.png]
[cdn2.editmysite.com/images/old/fancybox/fancybox_loading.gif]
[cdn2.editmysite.com/images/old/fancybox/blank.gif]
[cdn2.editmysite.com/images/old/fancybox/fancybox_overlay.png]
[cdn2.editmysite.com/css/old/fancyboxdfec.css]
[/files/theme/header-bg703c.png]
[/files/theme/main-bg703c.png]
[/files/theme/rounded_corners703c.png]
[/files/theme/banner-tall703c.jpg]
[/files/theme/social-black703c.png]
[/files/theme/search-wrap-bg703c.jpg]
[/files/theme/input-bg703c.png]
[/files/theme/submit-bg703c.png]
[/files/theme/banner-landing703c.jpg]
[/files/theme/banner-special703c.jpg]
[/files/theme/banner-short703c.jpg]
[/files/theme/banner-splash703c.png]
[/files/theme/nav-top703c.png]
[/files/theme/button_small_black703c.png]
[/files/theme/button_large_black703c.png]
[/files/theme/button_large_red703c.png]
[/files/theme/button_small_red703c.png]
[/files/main_style703c.css]
[cdn2.editmysite.com/fonts/Open_Sans/light.eot]
[cdn2.editmysite.com/fonts/Open_Sans/lightd41d.eot]
[cdn2.editmysite.com/fonts/Open_Sans/light.woff2]
[cdn2.editmysite.com/fonts/Open_Sans/light.woff]
[cdn2.editmysite.com/fonts/Open_Sans/light.ttf]
[cdn2.editmysite.com/fonts/Open_Sans/regular.eot]
[cdn2.editmysite.com/fonts/Open_Sans/regulard41d.eot]
[cdn2.editmysite.com/fonts/Open_Sans/regular.woff2]
[cdn2.editmysite.com/fonts/Open_Sans/regular.woff]
[cdn2.editmysite.com/fonts/Open_Sans/regular.ttf]
[cdn2.editmysite.com/fonts/Open_Sans/bold.eot]
[cdn2.editmysite.com/fonts/Open_Sans/boldd41d.eot]
[cdn2.editmysite.com/fonts/Open_Sans/bold.woff2]
[cdn2.editmysite.com/fonts/Open_Sans/bold.woff]
[cdn2.editmysite.com/fonts/Open_Sans/bold.ttf]
[cdn2.editmysite.com/fonts/Open_Sans/lightitalic.eot]
[cdn2.editmysite.com/fonts/Open_Sans/lightitalicd41d.eot]
[cdn2.editmysite.com/fonts/Open_Sans/lightitalic.woff2]
[cdn2.editmysite.com/fonts/Open_Sans/lightitalic.woff]
[cdn2.editmysite.com/fonts/Open_Sans/lightitalic.ttf]
[cdn2.editmysite.com/fonts/Open_Sans/italic.eot]
[cdn2.editmysite.com/fonts/Open_Sans/italicd41d.eot]
[cdn2.editmysite.com/fonts/Open_Sans/italic.woff2]
[cdn2.editmysite.com/fonts/Open_Sans/italic.woff]
[cdn2.editmysite.com/fonts/Open_Sans/italic.ttf]
[cdn2.editmysite.com/fonts/Open_Sans/bolditalic.eot]
[cdn2.editmysite.com/fonts/Open_Sans/bolditalicd41d.eot]
[cdn2.editmysite.com/fonts/Open_Sans/bolditalic.woff2]
[cdn2.editmysite.com/fonts/Open_Sans/bolditalic.woff]
[cdn2.editmysite.com/fonts/Open_Sans/fontc81e.css]
[cdn2.editmysite.com/fonts/Open_Sans/bolditalic.ttf]
[cdn2.editmysite.com/images/editor/main/gray-vertical-gradient.jpg]
[cdn2.editmysite.com/images/util/general/raised_close.png]
[cdn2.editmysite.com/css/site_membershipe6c9.css]
[/files/templateArtifacts703c.js]
[/uploads/1/5/2/2/1522812/published/dsc091314869.jpg]
[/news-for-residents.html]
[/uploads/1/5/2/2/1522812/published/dsc09131751d.jpg]
[/map.html]
[/hoa-contact-information.html]
[/mission.html]
[/uploads/1/5/2/2/1522812/dsc09030.jpg]
[/uploads/1/5/2/2/1522812/dsc09041.jpg]
[/uploads/1/5/2/2/1522812/dsc02256.jpg]
[/uploads/1/5/2/2/1522812/dsc02255.jpg]
[/uploads/1/5/2/2/1522812/dsc02245.jpg]
[/uploads/1/5/2/2/1522812/dsc02246.jpg]
[/uploads/1/5/2/2/1522812/dsc02264.jpg]
[/uploads/1/5/2/2/1522812/dsc02270.jpg]
[/uploads/1/5/2/2/1522812/dsc02248.jpg]
[/uploads/1/5/2/2/1522812/dsc02249.jpg]
[/cdn-cgi/l/email-protection.html]
[/uploads/1/5/2/2/1522812/clubhouse_use_agreement.pdf]
[www.weebly.com/weebly/images/file_icons/pdf.png]
[/uploads/1/5/2/2/1522812/dsc09030_orig.jpg]
[/uploads/1/5/2/2/1522812/dsc09041_orig.jpg]
[/uploads/1/5/2/2/1522812/dsc02256_orig.jpg]
[/uploads/1/5/2/2/1522812/dsc02255_orig.jpg]
[/uploads/1/5/2/2/1522812/dsc02245_orig.jpg]
[/uploads/1/5/2/2/1522812/dsc02246_orig.jpg]
[/uploads/1/5/2/2/1522812/dsc02264_orig.jpg]
[/uploads/1/5/2/2/1522812/dsc02270_orig.jpg]
[/uploads/1/5/2/2/1522812/dsc02248_orig.jpg]
[/uploads/1/5/2/2/1522812/dsc02249_orig.jpg]
[/uploads/1/5/2/2/1522812/dsc02250_orig.jpg]
[/uploads/1/5/2/2/1522812/dsc02250.jpg]
[/uploads/1/5/2/2/1522812/dsc02252_orig.jpg]
[/uploads/1/5/2/2/1522812/dsc02252.jpg]
[/uploads/1/5/2/2/1522812/dsc02253_orig.jpg]
[/uploads/1/5/2/2/1522812/dsc02253.jpg]
[/uploads/1/5/2/2/1522812/dsc02278_orig.jpg]
[/uploads/1/5/2/2/1522812/dsc02278.jpg]
[/uploads/1/5/2/2/1522812/dsc02271_orig.jpg]
[/uploads/1/5/2/2/1522812/dsc02271.jpg]
[/uploads/1/5/2/2/1522812/dsc02236_orig.jpg]
[/uploads/1/5/2/2/1522812/dsc02236.jpg]
[/uploads/1/5/2/2/1522812/dsc02243_orig.jpg]
[/uploads/1/5/2/2/1522812/dsc02243.jpg]
[/uploads/1/5/2/2/1522812/dsc02254_orig.jpg]
[/uploads/1/5/2/2/1522812/dsc02254.jpg]
[/uploads/1/5/2/2/1522812/dsc02261_orig.jpg]
[/uploads/1/5/2/2/1522812/dsc02261.jpg]
[/uploads/1/5/2/2/1522812/dsc02244_orig.jpg]
[/uploads/1/5/2/2/1522812/dsc02244.jpg]
[/uploads/1/5/2/2/1522812/dsc02257_orig.jpg]
[/uploads/1/5/2/2/1522812/dsc02257.jpg]
[/uploads/1/5/2/2/1522812/dsc02237_orig.jpg]
[/uploads/1/5/2/2/1522812/dsc02237.jpg]
[/uploads/1/5/2/2/1522812/dsc02239_orig.jpg]
[/uploads/1/5/2/2/1522812/dsc02239.jpg]
[/uploads/1/5/2/2/1522812/dsc02240_orig.jpg]
[/uploads/1/5/2/2/1522812/dsc02240.jpg]
[/uploads/1/5/2/2/1522812/dsc02276_orig.jpg]
[/uploads/1/5/2/2/1522812/dsc02276.jpg]
[/uploads/1/5/2/2/1522812/dsc02275_orig.jpg]
[/uploads/1/5/2/2/1522812/dsc02275.jpg]
[/uploads/1/5/2/2/1522812/dsc02242_orig.jpg]
[/uploads/1/5/2/2/1522812/dsc02242.jpg]
[/community-club-house.html]
[/board-of-directors.html]
[/cdn-cgi/scripts/5c5dd728/cloudflare-static/email-decode.min.js]
[/uploads/1/5/2/2/1522812/published/dsc09041_113cc.jpg]
[/monthly-meeting-schedule.html]
[/insurance-info.html]
[/agent-contact-info.html]
[/contact-property-manager.html]
[/announcements.html]
[/uploads/1/5/2/2/1522812/arb_form_rev_4-14-2021_v1.pdf]
[/uploads/1/5/2/2/1522812/lease.application.pdf]
[/uploads/1/5/2/2/1522812/purchase.application_final.pdf]
[/uploads/1/5/2/2/1522812/additional_occupants_application_form.pdf]
[/community-forms.html]
[/uploads/1/5/2/2/1522812/dsc09039.jpg]
[/uploads/1/5/2/2/1522812/dsc09043.jpg]
[/uploads/1/5/2/2/1522812/dsc09047.jpg]
[/uploads/1/5/2/2/1522812/dsc09081.jpg]
[/uploads/1/5/2/2/1522812/dsc09052.jpg]
[/uploads/1/5/2/2/1522812/dsc09058.jpg]
[/uploads/1/5/2/2/1522812/dsc09062.jpg]
[/uploads/1/5/2/2/1522812/dsc09063.jpg]
[/uploads/1/5/2/2/1522812/dsc09066.jpg]
[/uploads/1/5/2/2/1522812/dsc09069.jpg]
[/uploads/1/5/2/2/1522812/dsc09039_orig.jpg]
[/uploads/1/5/2/2/1522812/dsc09043_orig.jpg]
[/uploads/1/5/2/2/1522812/dsc09047_orig.jpg]
[/uploads/1/5/2/2/1522812/dsc09081_orig.jpg]
[/uploads/1/5/2/2/1522812/dsc09052_orig.jpg]
[/uploads/1/5/2/2/1522812/dsc09058_orig.jpg]
[/uploads/1/5/2/2/1522812/dsc09062_orig.jpg]
[/uploads/1/5/2/2/1522812/dsc09063_orig.jpg]
[/uploads/1/5/2/2/1522812/dsc09066_orig.jpg]
[/uploads/1/5/2/2/1522812/dsc09069_orig.jpg]
[/uploads/1/5/2/2/1522812/dsc09073_orig.jpg]
[/uploads/1/5/2/2/1522812/dsc09073.jpg]
[/uploads/1/5/2/2/1522812/dsc09078_orig.jpg]
[/uploads/1/5/2/2/1522812/dsc09078.jpg]
[/uploads/1/5/2/2/1522812/dsc09083_orig.jpg]
[/uploads/1/5/2/2/1522812/dsc09083.jpg]
[/uploads/1/5/2/2/1522812/dsc09085_orig.jpg]
[/uploads/1/5/2/2/1522812/dsc09085.jpg]
[/uploads/1/5/2/2/1522812/dsc09091_orig.jpg]
[/uploads/1/5/2/2/1522812/dsc09091.jpg]
[/uploads/1/5/2/2/1522812/dsc09095_orig.jpg]
[/uploads/1/5/2/2/1522812/dsc09095.jpg]
[/uploads/1/5/2/2/1522812/dsc09096_orig.jpg]
[/uploads/1/5/2/2/1522812/dsc09096.jpg]
[/uploads/1/5/2/2/1522812/dsc09098_orig.jpg]
[/uploads/1/5/2/2/1522812/dsc09098.jpg]
[/uploads/1/5/2/2/1522812/dsc09100_orig.jpg]
[/uploads/1/5/2/2/1522812/dsc09100.jpg]
[/uploads/1/5/2/2/1522812/dsc09102_orig.jpg]
[/uploads/1/5/2/2/1522812/dsc09102.jpg]
[/uploads/1/5/2/2/1522812/dsc09104_orig.jpg]
[/uploads/1/5/2/2/1522812/dsc09104.jpg]
[/uploads/1/5/2/2/1522812/dsc09106_orig.jpg]
[/uploads/1/5/2/2/1522812/dsc09106.jpg]
[/uploads/1/5/2/2/1522812/dsc09109-2_orig.jpg]
[/uploads/1/5/2/2/1522812/dsc09109-2.jpg]
[/uploads/1/5/2/2/1522812/dsc09123_orig.jpg]
[/uploads/1/5/2/2/1522812/dsc09123.jpg]
[/uploads/1/5/2/2/1522812/dsc09126_orig.jpg]
[/uploads/1/5/2/2/1522812/dsc09126.jpg]
[/uploads/1/5/2/2/1522812/dsc09141_orig.jpg]
[/uploads/1/5/2/2/1522812/dsc09141.jpg]
[/uploads/1/5/2/2/1522812/dsc09158_orig.jpg]
[/uploads/1/5/2/2/1522812/dsc09158.jpg]
[/community-pictures.html]
[/uploads/1/5/2/2/1522812/woodbridge_lakes_restrictive_covenants_12-11-81__searchable_text_4-18-2013.pdf]
[/uploads/1/5/2/2/1522812/woodbridge_lakes_amendment_to_res_covenants_11-9-2001_cable_pgs_1_thru_99.pdf]
[/covenants--restrictions.html]
[/uploads/1/5/2/2/1522812/rules_and_regulations_wblhoa.pdf]
[/rules--regulations.html]
[/privacy-policy.html]
[cdn2.editmysite.com/weebly/images/dialog/raised_close.html]
[/cdn-cgi/l/email-protection.html]
[/announcements.html]
[/cdn-cgi/styles/cf.errors.css]
[/cdn-cgi/images/icon-exclamation111f.png]
[/cdn-cgi/images/cf-icon-horizontal-arrow.png]
[/cdn-cgi/images/browser-bar111f.png]
[/cdn-cgi/images/cf-no-screenshot-warn.png]
[/cdn-cgi/images/cf-no-screenshot-error.png]
[/cdn-cgi/images/cf-icon-ok.png]
[/cdn-cgi/images/cf-icon-error.png]
[/cdn-cgi/images/cf-icon-browser.png]
[/cdn-cgi/images/cf-icon-cloud.png]
[/cdn-cgi/images/cf-icon-server.png]
[/cdn-cgi/styles/cf.errors.css]
